
> taskflow-pro@1.0.0 build
> next build

  ▲ Next.js 14.2.5
  - Environments: .env.local, .env
  - Experiments (use with caution):
    · instrumentationHook

   Creating an optimized production build ...
[@sentry/nextjs] It appears you've configured a `sentry.server.config.ts` file. Please ensure to put this file's content into the `register()` function of a Next.js instrumentation hook instead. To ensure correct functionality of the SDK, `Sentry.init` must be called inside `instrumentation.ts`. Learn more about setting up an instrumentation hook in Next.js: https://nextjs.org/docs/app/building-your-application/optimizing/instrumentation. You can safely delete the `sentry.server.config.ts` file afterward.
warn  - It seems like you don't have a global error handler set up. It is recommended that you add a global-error.js file with Sentry instrumentation so that React rendering errors are reported to Sentry. Read more: https://docs.sentry.io/platforms/javascript/guides/nextjs/manual-setup/#react-render-errors-in-app-router (you can suppress this warning by setting SENTRY_SUPPRESS_GLOBAL_ERROR_HANDLER_FILE_WARNING=1 as environment variable)
[@sentry/nextjs] It appears you've configured a `sentry.edge.config.ts` file. Please ensure to put this file's content into the `register()` function of a Next.js instrumentation hook instead. To ensure correct functionality of the SDK, `Sentry.init` must be called inside `instrumentation.ts`. Learn more about setting up an instrumentation hook in Next.js: https://nextjs.org/docs/app/building-your-application/optimizing/instrumentation. You can safely delete the `sentry.edge.config.ts` file afterward.
[@sentry/nextjs] The Sentry SDK has enabled source map generation for your Next.js app. If you don't want to serve Source Maps to your users, either set the `sourcemaps.deleteSourcemapsAfterUpload` option to true, or manually delete the source maps after the build. In future Sentry SDK versions `sourcemaps.deleteSourcemapsAfterUpload` will default to `true`. If you do not want to generate and upload sourcemaps, set the `sourcemaps.disable` option in `withSentryConfig()`.
 ⚠ Compiled with warnings

./node_modules/bullmq/dist/esm/classes/child-processor.js
Critical dependency: the request of a dependency is an expression

Import trace for requested module:
./node_modules/bullmq/dist/esm/classes/child-processor.js
./node_modules/bullmq/dist/esm/classes/index.js
./node_modules/bullmq/dist/esm/index.js
./lib/queue/index.ts
./app/api/webhooks/route.ts

   Skipping validation of types
   Skipping linting
   Collecting page data ...
IMPORTANT! Eviction policy is allkeys-lru. It should be "noeviction"
IMPORTANT! Eviction policy is allkeys-lru. It should be "noeviction"
IMPORTANT! Eviction policy is allkeys-lru. It should be "noeviction"
IMPORTANT! Eviction policy is allkeys-lru. It should be "noeviction"
IMPORTANT! Eviction policy is allkeys-lru. It should be "noeviction"
IMPORTANT! Eviction policy is allkeys-lru. It should be "noeviction"
IMPORTANT! Eviction policy is allkeys-lru. It should be "noeviction"
IMPORTANT! Eviction policy is allkeys-lru. It should be "noeviction"
IMPORTANT! Eviction policy is allkeys-lru. It should be "noeviction"
IMPORTANT! Eviction policy is allkeys-lru. It should be "noeviction"
IMPORTANT! Eviction policy is allkeys-lru. It should be "noeviction"
IMPORTANT! Eviction policy is allkeys-lru. It should be "noeviction"
   Generating static pages (0/27) ...
   Generating static pages (6/27) 
   Generating static pages (13/27) 
IMPORTANT! Eviction policy is allkeys-lru. It should be "noeviction"
IMPORTANT! Eviction policy is allkeys-lru. It should be "noeviction"
IMPORTANT! Eviction policy is allkeys-lru. It should be "noeviction"
IMPORTANT! Eviction policy is allkeys-lru. It should be "noeviction"
 ⨯ useSearchParams() should be wrapped in a suspense boundary at page "/login". Read more: https://nextjs.org/docs/messages/missing-suspense-with-csr-bailout
    at a (/home/max/Desktop/Proyectos/taskflow-pro/.next/server/chunks/7887.js:1:11102)
    at c (/home/max/Desktop/Proyectos/taskflow-pro/.next/server/chunks/7887.js:1:22098)
    at b (/home/max/Desktop/Proyectos/taskflow-pro/.next/server/app/(auth)/login/page.js:6:694)
    at nj (/home/max/Desktop/Proyectos/taskflow-pro/node_modules/next/dist/compiled/next-server/app-page.runtime.prod.js:12:46251)
    at nM (/home/max/Desktop/Proyectos/taskflow-pro/node_modules/next/dist/compiled/next-server/app-page.runtime.prod.js:12:47571)
    at nN (/home/max/Desktop/Proyectos/taskflow-pro/node_modules/next/dist/compiled/next-server/app-page.runtime.prod.js:12:64546)
    at nI (/home/max/Desktop/Proyectos/taskflow-pro/node_modules/next/dist/compiled/next-server/app-page.runtime.prod.js:12:47010)
    at nM (/home/max/Desktop/Proyectos/taskflow-pro/node_modules/next/dist/compiled/next-server/app-page.runtime.prod.js:12:47717)
    at nM (/home/max/Desktop/Proyectos/taskflow-pro/node_modules/next/dist/compiled/next-server/app-page.runtime.prod.js:12:61546)
    at nN (/home/max/Desktop/Proyectos/taskflow-pro/node_modules/next/dist/compiled/next-server/app-page.runtime.prod.js:12:64546)

Error occurred prerendering page "/login". Read more: https://nextjs.org/docs/messages/prerender-error

   Generating static pages (20/27) 
 ✓ Generating static pages (27/27)

> Export encountered errors on following paths:
	/(auth)/login/page: /login
